
Discarded input sections

 .text          0x0000000000000000        0x0 C:\Users\Richard\AppData\Local\Temp\ccK6PMFL.ltrans0.ltrans.o
 .data          0x0000000000000000        0x0 C:\Users\Richard\AppData\Local\Temp\ccK6PMFL.ltrans0.ltrans.o
 .bss           0x0000000000000000        0x0 C:\Users\Richard\AppData\Local\Temp\ccK6PMFL.ltrans0.ltrans.o
 .text.memset   0x0000000000000000       0xce C:\Users\Richard\AppData\Local\Temp\ccK6PMFL.ltrans0.ltrans.o
 .text.memcpy   0x0000000000000000       0x8c C:\Users\Richard\AppData\Local\Temp\ccK6PMFL.ltrans0.ltrans.o
 .text.memmove  0x0000000000000000       0xb8 C:\Users\Richard\AppData\Local\Temp\ccK6PMFL.ltrans0.ltrans.o
 .text.KPrintF  0x0000000000000000       0x64 C:\Users\Richard\AppData\Local\Temp\ccK6PMFL.ltrans0.ltrans.o
 .text.debug_text
                0x0000000000000000       0x76 C:\Users\Richard\AppData\Local\Temp\ccK6PMFL.ltrans0.ltrans.o
 .debug_str     0x0000000000000000        0x0 C:\Users\Richard\AppData\Local\Temp\ccM5IiU8.debug.temp.o
 .comment       0x0000000000000000       0x13 C:\Users\Richard\AppData\Local\Temp\ccM5IiU8.debug.temp.o
 .comment       0x0000000000000000       0x13 C:\Users\Richard\AppData\Local\Temp\ccwFy3DU.debug.temp.o
 .comment       0x0000000000000000       0x13 C:\Users\Richard\AppData\Local\Temp\ccKsvgwG.debug.temp.o
 .text          0x0000000000000000       0x12 obj/gcc8_a_support.o
 .data          0x0000000000000000        0x0 obj/gcc8_a_support.o
 .bss           0x0000000000000000        0x0 obj/gcc8_a_support.o
 .debug_line    0x0000000000000000       0x64 obj/gcc8_a_support.o
 .debug_info    0x0000000000000000       0x26 obj/gcc8_a_support.o
 .debug_abbrev  0x0000000000000000       0x14 obj/gcc8_a_support.o
 .debug_aranges
                0x0000000000000000       0x20 obj/gcc8_a_support.o
 .debug_str     0x0000000000000000       0x54 obj/gcc8_a_support.o
 .debug_frame   0x0000000000000000       0x3c obj/gcc8_a_support.o

Memory Configuration

Name             Origin             Length             Attributes
*default*        0x0000000000000000 0xffffffffffffffff

Linker script and memory map

Address of section .text set to 0x0
LOAD C:\Users\Richard\AppData\Local\Temp\ccK6PMFL.ltrans0.ltrans.o
LOAD C:\Users\Richard\AppData\Local\Temp\ccM5IiU8.debug.temp.o
LOAD C:\Users\Richard\AppData\Local\Temp\ccwFy3DU.debug.temp.o
LOAD C:\Users\Richard\AppData\Local\Temp\ccKsvgwG.debug.temp.o
LOAD obj/gcc8_a_support.o
                [!provide]                        PROVIDE (__executable_start = SEGMENT_START ("text-segment", 0x80000000))
                0x0000000080000074                . = (SEGMENT_START ("text-segment", 0x80000000) + SIZEOF_HEADERS)

.interp
 *(.interp)

.note.gnu.build-id
 *(.note.gnu.build-id)

.hash
 *(.hash)

.gnu.hash
 *(.gnu.hash)

.dynsym
 *(.dynsym)

.dynstr
 *(.dynstr)

.gnu.version
 *(.gnu.version)

.gnu.version_d
 *(.gnu.version_d)

.gnu.version_r
 *(.gnu.version_r)

.rela.dyn       0x0000000080000074        0x0
 *(.rela.init)
 *(.rela.text .rela.text.* .rela.gnu.linkonce.t.*)
 *(.rela.fini)
 *(.rela.rodata .rela.rodata.* .rela.gnu.linkonce.r.*)
 *(.rela.data .rela.data.* .rela.gnu.linkonce.d.*)
 *(.rela.tdata .rela.tdata.* .rela.gnu.linkonce.td.*)
 *(.rela.tbss .rela.tbss.* .rela.gnu.linkonce.tb.*)
 *(.rela.ctors)
 *(.rela.dtors)
 *(.rela.got)
 *(.rela.bss .rela.bss.* .rela.gnu.linkonce.b.*)
                [!provide]                        PROVIDE (__rela_iplt_start = .)
 *(.rela.iplt)
                [!provide]                        PROVIDE (__rela_iplt_end = .)

.rela.plt
 *(.rela.plt)

.init
 *(SORT_NONE(.init))

.plt
 *(.plt)

.iplt
 *(.iplt)

.text           0x0000000000000000      0x59c
 *(.text.unlikely .text.*_unlikely .text.unlikely.*)
 .text.unlikely
                0x0000000000000000       0x74 C:\Users\Richard\AppData\Local\Temp\ccK6PMFL.ltrans0.ltrans.o
                0x0000000000000000                _start
 *(.text.exit .text.exit.*)
 *(.text.startup .text.startup.*)
 .text.startup.main
                0x0000000000000074      0x4b8 C:\Users\Richard\AppData\Local\Temp\ccK6PMFL.ltrans0.ltrans.o
                0x0000000000000074                main
 *(.text.hot .text.hot.*)
 *(SORT_BY_NAME(.text.sorted.*))
 *(.text .stub .text.* .gnu.linkonce.t.*)
 .text._ZL11Irq6Handlerv
                0x000000000000052c       0x3e C:\Users\Richard\AppData\Local\Temp\ccK6PMFL.ltrans0.ltrans.o
 .text._Z14System_WaitVbljj.constprop.0
                0x000000000000056a       0x1e C:\Users\Richard\AppData\Local\Temp\ccK6PMFL.ltrans0.ltrans.o
 .text.strlen   0x0000000000000588       0x14 C:\Users\Richard\AppData\Local\Temp\ccK6PMFL.ltrans0.ltrans.o
                0x0000000000000588                strlen
 *(.gnu.warning)

.fini
 *(SORT_NONE(.fini))
                [!provide]                        PROVIDE (__etext = .)
                [!provide]                        PROVIDE (_etext = .)
                [!provide]                        PROVIDE (etext = .)

.rodata         0x000000000000059c       0x3f
 *(.rodata .rodata.* .gnu.linkonce.r.*)
 .rodata        0x000000000000059c       0x3f C:\Users\Richard\AppData\Local\Temp\ccK6PMFL.ltrans0.ltrans.o

.rodata1
 *(.rodata1)

.eh_frame_hdr
 *(.eh_frame_hdr)
 *(.eh_frame_entry .eh_frame_entry.*)

.eh_frame
 *(.eh_frame)
 *(.eh_frame.*)

.gcc_except_table
 *(.gcc_except_table .gcc_except_table.*)

.gnu_extab
 *(.gnu_extab*)

.exception_ranges
 *(.exception_ranges*)
                0x00000000000025db                . = DATA_SEGMENT_ALIGN (CONSTANT (MAXPAGESIZE), CONSTANT (COMMONPAGESIZE))

.eh_frame
 *(.eh_frame)
 *(.eh_frame.*)

.gnu_extab
 *(.gnu_extab)

.gcc_except_table
 *(.gcc_except_table .gcc_except_table.*)

.exception_ranges
 *(.exception_ranges*)

.tdata          0x00000000000025db        0x0
                [!provide]                        PROVIDE (__tdata_start = .)
 *(.tdata .tdata.* .gnu.linkonce.td.*)

.tbss
 *(.tbss .tbss.* .gnu.linkonce.tb.*)
 *(.tcommon)

.preinit_array  0x00000000000025db        0x0
                0x00000000000025db                PROVIDE (__preinit_array_start = .)
 *(.preinit_array)
                0x00000000000025db                PROVIDE (__preinit_array_end = .)

.init_array     0x00000000000025db        0x0
                0x00000000000025db                PROVIDE (__init_array_start = .)
 *(SORT_BY_INIT_PRIORITY(.init_array.*) SORT_BY_INIT_PRIORITY(.ctors.*))
 *(.init_array EXCLUDE_FILE(*crtend?.o *crtend.o *crtbegin?.o *crtbegin.o) .ctors)
                0x00000000000025db                PROVIDE (__init_array_end = .)

.fini_array     0x00000000000025db        0x0
                0x00000000000025db                PROVIDE (__fini_array_start = .)
 *(SORT_BY_INIT_PRIORITY(.fini_array.*) SORT_BY_INIT_PRIORITY(.dtors.*))
 *(.fini_array EXCLUDE_FILE(*crtend?.o *crtend.o *crtbegin?.o *crtbegin.o) .dtors)
                0x00000000000025db                PROVIDE (__fini_array_end = .)

.ctors
 *crtbegin.o(.ctors)
 *crtbegin?.o(.ctors)
 *(EXCLUDE_FILE(*crtend?.o *crtend.o) .ctors)
 *(SORT_BY_NAME(.ctors.*))
 *(.ctors)

.dtors
 *crtbegin.o(.dtors)
 *crtbegin?.o(.dtors)
 *(EXCLUDE_FILE(*crtend?.o *crtend.o) .dtors)
 *(SORT_BY_NAME(.dtors.*))
 *(.dtors)

.jcr
 *(.jcr)

.data.rel.ro
 *(.data.rel.ro.local* .gnu.linkonce.d.rel.ro.local.*)
 *(.data.rel.ro .data.rel.ro.* .gnu.linkonce.d.rel.ro.*)

.dynamic
 *(.dynamic)
                0x00000000000025db                . = DATA_SEGMENT_RELRO_END (., 0x0)

.got
 *(.got.plt)
 *(.igot.plt)
 *(.got)
 *(.igot)

.data
 *(.data .data.* .gnu.linkonce.d.*)

.data1
 *(.data1)
                0x00000000000025db                _edata = .
                [!provide]                        PROVIDE (edata = .)
                0x00000000000025db                . = .
                0x00000000000025db                __bss_start = .

.bss            0x00000000000025dc       0x40
 *(.dynbss)
 *(.bss .bss.* .gnu.linkonce.b.*)
 .bss.MathBase  0x00000000000025dc        0x4 C:\Users\Richard\AppData\Local\Temp\ccK6PMFL.ltrans0.ltrans.o
 .bss.DOSBase   0x00000000000025e0        0x4 C:\Users\Richard\AppData\Local\Temp\ccK6PMFL.ltrans0.ltrans.o
 .bss._ZL6sError
                0x00000000000025e4        0x4 C:\Users\Richard\AppData\Local\Temp\ccK6PMFL.ltrans0.ltrans.o
 .bss.IntuitionBase
                0x00000000000025e8        0x4 C:\Users\Richard\AppData\Local\Temp\ccK6PMFL.ltrans0.ltrans.o
 .bss._ZL15sSavedWorkbench
                0x00000000000025ec        0x1 C:\Users\Richard\AppData\Local\Temp\ccK6PMFL.ltrans0.ltrans.o
 *fill*         0x00000000000025ed        0x1 
 .bss._ZL14sSavedActiView
                0x00000000000025ee        0x4 C:\Users\Richard\AppData\Local\Temp\ccK6PMFL.ltrans0.ltrans.o
 .bss.SysBase   0x00000000000025f2        0x4 C:\Users\Richard\AppData\Local\Temp\ccK6PMFL.ltrans0.ltrans.o
 .bss._ZL13sSavedCIABICR
                0x00000000000025f6        0x1 C:\Users\Richard\AppData\Local\Temp\ccK6PMFL.ltrans0.ltrans.o
 .bss._ZL13sSavedCIAAICR
                0x00000000000025f7        0x1 C:\Users\Richard\AppData\Local\Temp\ccK6PMFL.ltrans0.ltrans.o
 .bss._ZL13sSavedCIABCRB
                0x00000000000025f8        0x1 C:\Users\Richard\AppData\Local\Temp\ccK6PMFL.ltrans0.ltrans.o
 .bss._ZL13sSavedCIABCRA
                0x00000000000025f9        0x1 C:\Users\Richard\AppData\Local\Temp\ccK6PMFL.ltrans0.ltrans.o
 .bss._ZL13sSavedCIAACRB
                0x00000000000025fa        0x1 C:\Users\Richard\AppData\Local\Temp\ccK6PMFL.ltrans0.ltrans.o
 .bss._ZL13sSavedCIAACRA
                0x00000000000025fb        0x1 C:\Users\Richard\AppData\Local\Temp\ccK6PMFL.ltrans0.ltrans.o
 .bss._ZL12sSavedINTENA
                0x00000000000025fc        0x2 C:\Users\Richard\AppData\Local\Temp\ccK6PMFL.ltrans0.ltrans.o
 .bss._ZL12sSavedDMACON
                0x00000000000025fe        0x2 C:\Users\Richard\AppData\Local\Temp\ccK6PMFL.ltrans0.ltrans.o
 .bss._ZL12sSavedADKCON
                0x0000000000002600        0x2 C:\Users\Richard\AppData\Local\Temp\ccK6PMFL.ltrans0.ltrans.o
 .bss.GfxBase   0x0000000000002602        0x4 C:\Users\Richard\AppData\Local\Temp\ccK6PMFL.ltrans0.ltrans.o
 .bss._ZL17sSavedIrq6Handler
                0x0000000000002606        0x4 C:\Users\Richard\AppData\Local\Temp\ccK6PMFL.ltrans0.ltrans.o
 .bss._ZL17sSavedIrq3Handler
                0x000000000000260a        0x4 C:\Users\Richard\AppData\Local\Temp\ccK6PMFL.ltrans0.ltrans.o
 .bss._ZL17sSavedIrq2Handler
                0x000000000000260e        0x4 C:\Users\Richard\AppData\Local\Temp\ccK6PMFL.ltrans0.ltrans.o
 .bss._ZL4sVBR  0x0000000000002612        0x4 C:\Users\Richard\AppData\Local\Temp\ccK6PMFL.ltrans0.ltrans.o
 .bss._ZL17sSavedIrq1Handler
                0x0000000000002616        0x4 C:\Users\Richard\AppData\Local\Temp\ccK6PMFL.ltrans0.ltrans.o
 *(COMMON)
                0x000000000000261c                . = ALIGN ((. != 0x0)?0x4:0x1)
 *fill*         0x000000000000261a        0x2 
                0x000000000000261c                . = ALIGN (0x4)
                0x000000000000261c                . = SEGMENT_START ("ldata-segment", .)
                0x000000000000261c                . = ALIGN (0x4)
                0x000000000000261c                _end = .
                [!provide]                        PROVIDE (end = .)
                0x000000000000261c                . = DATA_SEGMENT_END (.)

.stab
 *(.stab)

.stabstr
 *(.stabstr)

.stab.excl
 *(.stab.excl)

.stab.exclstr
 *(.stab.exclstr)

.stab.index
 *(.stab.index)

.stab.indexstr
 *(.stab.indexstr)

.comment        0x0000000000000000       0x12
 *(.comment)
 .comment       0x0000000000000000       0x12 C:\Users\Richard\AppData\Local\Temp\ccK6PMFL.ltrans0.ltrans.o
                                         0x13 (size before relaxing)

.gnu.build.attributes
 *(.gnu.build.attributes .gnu.build.attributes.*)

.debug
 *(.debug)

.line
 *(.line)

.debug_srcinfo
 *(.debug_srcinfo)

.debug_sfnames
 *(.debug_sfnames)

.debug_aranges  0x0000000000000000       0x68
 *(.debug_aranges)
 .debug_aranges
                0x0000000000000000       0x68 C:\Users\Richard\AppData\Local\Temp\ccK6PMFL.ltrans0.ltrans.o

.debug_pubnames
 *(.debug_pubnames)

.debug_info     0x0000000000000000     0x777b
 *(.debug_info .gnu.linkonce.wi.*)
 .debug_info    0x0000000000000000     0x11b3 C:\Users\Richard\AppData\Local\Temp\ccK6PMFL.ltrans0.ltrans.o
 .debug_info    0x00000000000011b3      0xeb4 C:\Users\Richard\AppData\Local\Temp\ccM5IiU8.debug.temp.o
                0x00000000000011b3                main.cpp.edb755b7
 .debug_info    0x0000000000002067     0x48ac C:\Users\Richard\AppData\Local\Temp\ccwFy3DU.debug.temp.o
                0x0000000000002067                system.cpp.660a7974
 .debug_info    0x0000000000006913      0xe68 C:\Users\Richard\AppData\Local\Temp\ccKsvgwG.debug.temp.o
                0x0000000000006913                gcc8_c_support.c.ba290747

.debug_abbrev   0x0000000000000000      0x752
 *(.debug_abbrev)
 .debug_abbrev  0x0000000000000000      0x13c C:\Users\Richard\AppData\Local\Temp\ccK6PMFL.ltrans0.ltrans.o
 .debug_abbrev  0x000000000000013c      0x191 C:\Users\Richard\AppData\Local\Temp\ccM5IiU8.debug.temp.o
 .debug_abbrev  0x00000000000002cd      0x26a C:\Users\Richard\AppData\Local\Temp\ccwFy3DU.debug.temp.o
 .debug_abbrev  0x0000000000000537      0x21b C:\Users\Richard\AppData\Local\Temp\ccKsvgwG.debug.temp.o

.debug_line     0x0000000000000000     0x2897
 *(.debug_line .debug_line.* .debug_line_end)
 .debug_line    0x0000000000000000     0x2088 C:\Users\Richard\AppData\Local\Temp\ccK6PMFL.ltrans0.ltrans.o
 .debug_line    0x0000000000002088      0x184 C:\Users\Richard\AppData\Local\Temp\ccM5IiU8.debug.temp.o
 .debug_line    0x000000000000220c      0x4f3 C:\Users\Richard\AppData\Local\Temp\ccwFy3DU.debug.temp.o
 .debug_line    0x00000000000026ff      0x198 C:\Users\Richard\AppData\Local\Temp\ccKsvgwG.debug.temp.o

.debug_frame    0x0000000000000000      0x208
 *(.debug_frame)
 .debug_frame   0x0000000000000000      0x208 C:\Users\Richard\AppData\Local\Temp\ccK6PMFL.ltrans0.ltrans.o

.debug_str      0x0000000000000000      0x18b
 *(.debug_str)
 .debug_str     0x0000000000000000        0x0 C:\Users\Richard\AppData\Local\Temp\ccK6PMFL.ltrans0.ltrans.o
 .debug_str     0x0000000000000000      0x104 C:\Users\Richard\AppData\Local\Temp\ccwFy3DU.debug.temp.o
 .debug_str     0x0000000000000104       0x87 C:\Users\Richard\AppData\Local\Temp\ccKsvgwG.debug.temp.o

.debug_loc
 *(.debug_loc)

.debug_macinfo
 *(.debug_macinfo)

.debug_weaknames
 *(.debug_weaknames)

.debug_funcnames
 *(.debug_funcnames)

.debug_typenames
 *(.debug_typenames)

.debug_varnames
 *(.debug_varnames)

.debug_pubtypes
 *(.debug_pubtypes)

.debug_ranges
 *(.debug_ranges)

.debug_addr
 *(.debug_addr)

.debug_line_str
 *(.debug_line_str)

.debug_loclists
                0x0000000000000000      0xa88
 *(.debug_loclists)
 .debug_loclists
                0x0000000000000000      0xa88 C:\Users\Richard\AppData\Local\Temp\ccK6PMFL.ltrans0.ltrans.o

.debug_macro
 *(.debug_macro)

.debug_names
 *(.debug_names)

.debug_rnglists
                0x0000000000000000       0xf5
 *(.debug_rnglists)
 .debug_rnglists
                0x0000000000000000       0xf5 C:\Users\Richard\AppData\Local\Temp\ccK6PMFL.ltrans0.ltrans.o

.debug_str_offsets
 *(.debug_str_offsets)

.debug_sup
 *(.debug_sup)

.gnu.attributes
 *(.gnu.attributes)

/DISCARD/
 *(.note.GNU-stack)
 *(.gnu_debuglink)
 *(.gnu.lto_*)
OUTPUT(ciademo.elf elf32-m68k)
