
Discarded input sections

 .text          0x0000000000000000        0x0 C:\Users\Richard\AppData\Local\Temp\ccgQ8zxN.ltrans0.ltrans.o
 .data          0x0000000000000000        0x0 C:\Users\Richard\AppData\Local\Temp\ccgQ8zxN.ltrans0.ltrans.o
 .bss           0x0000000000000000        0x0 C:\Users\Richard\AppData\Local\Temp\ccgQ8zxN.ltrans0.ltrans.o
 .text.memset   0x0000000000000000      0x170 C:\Users\Richard\AppData\Local\Temp\ccgQ8zxN.ltrans0.ltrans.o
 .text.memcpy   0x0000000000000000       0x8a C:\Users\Richard\AppData\Local\Temp\ccgQ8zxN.ltrans0.ltrans.o
 .text.memmove  0x0000000000000000       0xb2 C:\Users\Richard\AppData\Local\Temp\ccgQ8zxN.ltrans0.ltrans.o
 .text.KPrintF  0x0000000000000000       0x64 C:\Users\Richard\AppData\Local\Temp\ccgQ8zxN.ltrans0.ltrans.o
 .text.debug_text
                0x0000000000000000       0x76 C:\Users\Richard\AppData\Local\Temp\ccgQ8zxN.ltrans0.ltrans.o
 .debug_str     0x0000000000000000        0x0 C:\Users\Richard\AppData\Local\Temp\cc0J6jZc.debug.temp.o
 .comment       0x0000000000000000       0x13 C:\Users\Richard\AppData\Local\Temp\cc0J6jZc.debug.temp.o
 .comment       0x0000000000000000       0x13 C:\Users\Richard\AppData\Local\Temp\cccPkwcZ.debug.temp.o
 .comment       0x0000000000000000       0x13 C:\Users\Richard\AppData\Local\Temp\ccaBWduL.debug.temp.o
 .text          0x0000000000000000       0x12 obj/gcc8_a_support.o
 .data          0x0000000000000000        0x0 obj/gcc8_a_support.o
 .bss           0x0000000000000000        0x0 obj/gcc8_a_support.o
 .debug_line    0x0000000000000000       0x64 obj/gcc8_a_support.o
 .debug_info    0x0000000000000000       0x43 obj/gcc8_a_support.o
 .debug_abbrev  0x0000000000000000       0x21 obj/gcc8_a_support.o
 .debug_aranges
                0x0000000000000000       0x20 obj/gcc8_a_support.o
 .debug_str     0x0000000000000000       0x66 obj/gcc8_a_support.o
 .debug_frame   0x0000000000000000       0x3c obj/gcc8_a_support.o

Memory Configuration

Name             Origin             Length             Attributes
*default*        0x0000000000000000 0xffffffffffffffff

Linker script and memory map

Address of section .text set to 0x0
LOAD C:\Users\Richard\AppData\Local\Temp\ccgQ8zxN.ltrans0.ltrans.o
LOAD C:\Users\Richard\AppData\Local\Temp\cc0J6jZc.debug.temp.o
LOAD C:\Users\Richard\AppData\Local\Temp\cccPkwcZ.debug.temp.o
LOAD C:\Users\Richard\AppData\Local\Temp\ccaBWduL.debug.temp.o
LOAD obj/gcc8_a_support.o
                [!provide]                        PROVIDE (__executable_start = SEGMENT_START ("text-segment", 0x80000000))
                0x0000000080000074                . = (SEGMENT_START ("text-segment", 0x80000000) + SIZEOF_HEADERS)

.interp
 *(.interp)

.note.gnu.build-id
 *(.note.gnu.build-id)

.hash
 *(.hash)

.gnu.hash
 *(.gnu.hash)

.dynsym
 *(.dynsym)

.dynstr
 *(.dynstr)

.gnu.version
 *(.gnu.version)

.gnu.version_d
 *(.gnu.version_d)

.gnu.version_r
 *(.gnu.version_r)

.rela.dyn       0x0000000080000074        0x0
 *(.rela.init)
 *(.rela.text .rela.text.* .rela.gnu.linkonce.t.*)
 *(.rela.fini)
 *(.rela.rodata .rela.rodata.* .rela.gnu.linkonce.r.*)
 *(.rela.data .rela.data.* .rela.gnu.linkonce.d.*)
 *(.rela.tdata .rela.tdata.* .rela.gnu.linkonce.td.*)
 *(.rela.tbss .rela.tbss.* .rela.gnu.linkonce.tb.*)
 *(.rela.ctors)
 *(.rela.dtors)
 *(.rela.got)
 *(.rela.bss .rela.bss.* .rela.gnu.linkonce.b.*)
                [!provide]                        PROVIDE (__rela_iplt_start = .)
 *(.rela.iplt)
                [!provide]                        PROVIDE (__rela_iplt_end = .)

.rela.plt
 *(.rela.plt)

.init
 *(SORT_NONE(.init))

.plt
 *(.plt)

.iplt
 *(.iplt)

.text           0x0000000000000000      0x6e8
 *(.text.unlikely .text.*_unlikely .text.unlikely.*)
 .text.unlikely
                0x0000000000000000       0x8c C:\Users\Richard\AppData\Local\Temp\ccgQ8zxN.ltrans0.ltrans.o
                0x0000000000000000                _start
 *(.text.exit .text.exit.*)
 *(.text.startup .text.startup.*)
 .text.startup.main
                0x000000000000008c      0x58a C:\Users\Richard\AppData\Local\Temp\ccgQ8zxN.ltrans0.ltrans.o
                0x000000000000008c                main
 *(.text.hot .text.hot.*)
 *(SORT_BY_NAME(.text.sorted.*))
 *(.text .stub .text.* .gnu.linkonce.t.*)
 .text._ZL11Irq6Handlerv
                0x0000000000000616       0x9c C:\Users\Richard\AppData\Local\Temp\ccgQ8zxN.ltrans0.ltrans.o
 .text._Z14System_WaitVbljj.constprop.0
                0x00000000000006b2       0x1e C:\Users\Richard\AppData\Local\Temp\ccgQ8zxN.ltrans0.ltrans.o
 .text.strlen   0x00000000000006d0       0x18 C:\Users\Richard\AppData\Local\Temp\ccgQ8zxN.ltrans0.ltrans.o
                0x00000000000006d0                strlen
 *(.gnu.warning)

.fini
 *(SORT_NONE(.fini))
                [!provide]                        PROVIDE (__etext = .)
                [!provide]                        PROVIDE (_etext = .)
                [!provide]                        PROVIDE (etext = .)

.rodata         0x00000000000006e8       0x3f
 *(.rodata .rodata.* .gnu.linkonce.r.*)
 .rodata        0x00000000000006e8       0x3f C:\Users\Richard\AppData\Local\Temp\ccgQ8zxN.ltrans0.ltrans.o

.rodata1
 *(.rodata1)

.eh_frame_hdr
 *(.eh_frame_hdr)
 *(.eh_frame_entry .eh_frame_entry.*)

.eh_frame
 *(.eh_frame)
 *(.eh_frame.*)

.gcc_except_table
 *(.gcc_except_table .gcc_except_table.*)

.gnu_extab
 *(.gnu_extab*)

.exception_ranges
 *(.exception_ranges*)
                0x0000000000002727                . = DATA_SEGMENT_ALIGN (CONSTANT (MAXPAGESIZE), CONSTANT (COMMONPAGESIZE))

.eh_frame
 *(.eh_frame)
 *(.eh_frame.*)

.gnu_extab
 *(.gnu_extab)

.gcc_except_table
 *(.gcc_except_table .gcc_except_table.*)

.exception_ranges
 *(.exception_ranges*)

.tdata          0x0000000000002727        0x0
                [!provide]                        PROVIDE (__tdata_start = .)
 *(.tdata .tdata.* .gnu.linkonce.td.*)

.tbss
 *(.tbss .tbss.* .gnu.linkonce.tb.*)
 *(.tcommon)

.preinit_array  0x0000000000002727        0x0
                0x0000000000002727                PROVIDE (__preinit_array_start = .)
 *(.preinit_array)
                0x0000000000002727                PROVIDE (__preinit_array_end = .)

.init_array     0x0000000000002727        0x0
                0x0000000000002727                PROVIDE (__init_array_start = .)
 *(SORT_BY_INIT_PRIORITY(.init_array.*) SORT_BY_INIT_PRIORITY(.ctors.*))
 *(.init_array EXCLUDE_FILE(*crtend?.o *crtend.o *crtbegin?.o *crtbegin.o) .ctors)
                0x0000000000002727                PROVIDE (__init_array_end = .)

.fini_array     0x0000000000002727        0x0
                0x0000000000002727                PROVIDE (__fini_array_start = .)
 *(SORT_BY_INIT_PRIORITY(.fini_array.*) SORT_BY_INIT_PRIORITY(.dtors.*))
 *(.fini_array EXCLUDE_FILE(*crtend?.o *crtend.o *crtbegin?.o *crtbegin.o) .dtors)
                0x0000000000002727                PROVIDE (__fini_array_end = .)

.ctors
 *crtbegin.o(.ctors)
 *crtbegin?.o(.ctors)
 *(EXCLUDE_FILE(*crtend?.o *crtend.o) .ctors)
 *(SORT_BY_NAME(.ctors.*))
 *(.ctors)

.dtors
 *crtbegin.o(.dtors)
 *crtbegin?.o(.dtors)
 *(EXCLUDE_FILE(*crtend?.o *crtend.o) .dtors)
 *(SORT_BY_NAME(.dtors.*))
 *(.dtors)

.jcr
 *(.jcr)

.data.rel.ro
 *(.data.rel.ro.local* .gnu.linkonce.d.rel.ro.local.*)
 *(.data.rel.ro .data.rel.ro.* .gnu.linkonce.d.rel.ro.*)

.dynamic
 *(.dynamic)
                0x0000000000002727                . = DATA_SEGMENT_RELRO_END (., 0x0)

.got
 *(.got.plt)
 *(.igot.plt)
 *(.got)
 *(.igot)

.data
 *(.data .data.* .gnu.linkonce.d.*)

.data1
 *(.data1)
                0x0000000000002727                _edata = .
                [!provide]                        PROVIDE (edata = .)
                0x0000000000002727                . = .
                0x0000000000002727                __bss_start = .

.bss            0x0000000000002728       0x40
 *(.dynbss)
 *(.bss .bss.* .gnu.linkonce.b.*)
 .bss.MathBase  0x0000000000002728        0x4 C:\Users\Richard\AppData\Local\Temp\ccgQ8zxN.ltrans0.ltrans.o
 .bss.DOSBase   0x000000000000272c        0x4 C:\Users\Richard\AppData\Local\Temp\ccgQ8zxN.ltrans0.ltrans.o
 .bss._ZL6sError
                0x0000000000002730        0x4 C:\Users\Richard\AppData\Local\Temp\ccgQ8zxN.ltrans0.ltrans.o
 .bss.IntuitionBase
                0x0000000000002734        0x4 C:\Users\Richard\AppData\Local\Temp\ccgQ8zxN.ltrans0.ltrans.o
 .bss._ZL15sSavedWorkbench
                0x0000000000002738        0x1 C:\Users\Richard\AppData\Local\Temp\ccgQ8zxN.ltrans0.ltrans.o
 *fill*         0x0000000000002739        0x1 
 .bss._ZL14sSavedActiView
                0x000000000000273a        0x4 C:\Users\Richard\AppData\Local\Temp\ccgQ8zxN.ltrans0.ltrans.o
 .bss.SysBase   0x000000000000273e        0x4 C:\Users\Richard\AppData\Local\Temp\ccgQ8zxN.ltrans0.ltrans.o
 .bss._ZL13sSavedCIABICR
                0x0000000000002742        0x1 C:\Users\Richard\AppData\Local\Temp\ccgQ8zxN.ltrans0.ltrans.o
 .bss._ZL13sSavedCIAAICR
                0x0000000000002743        0x1 C:\Users\Richard\AppData\Local\Temp\ccgQ8zxN.ltrans0.ltrans.o
 .bss._ZL13sSavedCIABCRB
                0x0000000000002744        0x1 C:\Users\Richard\AppData\Local\Temp\ccgQ8zxN.ltrans0.ltrans.o
 .bss._ZL13sSavedCIABCRA
                0x0000000000002745        0x1 C:\Users\Richard\AppData\Local\Temp\ccgQ8zxN.ltrans0.ltrans.o
 .bss._ZL13sSavedCIAACRB
                0x0000000000002746        0x1 C:\Users\Richard\AppData\Local\Temp\ccgQ8zxN.ltrans0.ltrans.o
 .bss._ZL13sSavedCIAACRA
                0x0000000000002747        0x1 C:\Users\Richard\AppData\Local\Temp\ccgQ8zxN.ltrans0.ltrans.o
 .bss._ZL12sSavedINTENA
                0x0000000000002748        0x2 C:\Users\Richard\AppData\Local\Temp\ccgQ8zxN.ltrans0.ltrans.o
 .bss._ZL12sSavedDMACON
                0x000000000000274a        0x2 C:\Users\Richard\AppData\Local\Temp\ccgQ8zxN.ltrans0.ltrans.o
 .bss._ZL12sSavedADKCON
                0x000000000000274c        0x2 C:\Users\Richard\AppData\Local\Temp\ccgQ8zxN.ltrans0.ltrans.o
 .bss.GfxBase   0x000000000000274e        0x4 C:\Users\Richard\AppData\Local\Temp\ccgQ8zxN.ltrans0.ltrans.o
 .bss._ZL17sSavedIrq6Handler
                0x0000000000002752        0x4 C:\Users\Richard\AppData\Local\Temp\ccgQ8zxN.ltrans0.ltrans.o
 .bss._ZL17sSavedIrq3Handler
                0x0000000000002756        0x4 C:\Users\Richard\AppData\Local\Temp\ccgQ8zxN.ltrans0.ltrans.o
 .bss._ZL17sSavedIrq2Handler
                0x000000000000275a        0x4 C:\Users\Richard\AppData\Local\Temp\ccgQ8zxN.ltrans0.ltrans.o
 .bss._ZL4sVBR  0x000000000000275e        0x4 C:\Users\Richard\AppData\Local\Temp\ccgQ8zxN.ltrans0.ltrans.o
 .bss._ZL17sSavedIrq1Handler
                0x0000000000002762        0x4 C:\Users\Richard\AppData\Local\Temp\ccgQ8zxN.ltrans0.ltrans.o
 .bss._ZL7sToggle
                0x0000000000002766        0x1 C:\Users\Richard\AppData\Local\Temp\ccgQ8zxN.ltrans0.ltrans.o
 *(COMMON)
                0x0000000000002768                . = ALIGN ((. != 0x0)?0x4:0x1)
 *fill*         0x0000000000002767        0x1 
                0x0000000000002768                . = ALIGN (0x4)
                0x0000000000002768                . = SEGMENT_START ("ldata-segment", .)
                0x0000000000002768                . = ALIGN (0x4)
                0x0000000000002768                _end = .
                [!provide]                        PROVIDE (end = .)
                0x0000000000002768                . = DATA_SEGMENT_END (.)

.stab
 *(.stab)

.stabstr
 *(.stabstr)

.stab.excl
 *(.stab.excl)

.stab.exclstr
 *(.stab.exclstr)

.stab.index
 *(.stab.index)

.stab.indexstr
 *(.stab.indexstr)

.comment        0x0000000000000000       0x12
 *(.comment)
 .comment       0x0000000000000000       0x12 C:\Users\Richard\AppData\Local\Temp\ccgQ8zxN.ltrans0.ltrans.o
                                         0x13 (size before relaxing)

.gnu.build.attributes
 *(.gnu.build.attributes .gnu.build.attributes.*)

.debug
 *(.debug)

.line
 *(.line)

.debug_srcinfo
 *(.debug_srcinfo)

.debug_sfnames
 *(.debug_sfnames)

.debug_aranges  0x0000000000000000       0x68
 *(.debug_aranges)
 .debug_aranges
                0x0000000000000000       0x68 C:\Users\Richard\AppData\Local\Temp\ccgQ8zxN.ltrans0.ltrans.o

.debug_pubnames
 *(.debug_pubnames)

.debug_info     0x0000000000000000     0x78eb
 *(.debug_info .gnu.linkonce.wi.*)
 .debug_info    0x0000000000000000     0x11e0 C:\Users\Richard\AppData\Local\Temp\ccgQ8zxN.ltrans0.ltrans.o
 .debug_info    0x00000000000011e0      0xf17 C:\Users\Richard\AppData\Local\Temp\cc0J6jZc.debug.temp.o
                0x00000000000011e0                main.cpp.5933f978
 .debug_info    0x00000000000020f7     0x48cc C:\Users\Richard\AppData\Local\Temp\cccPkwcZ.debug.temp.o
                0x00000000000020f7                system.cpp.09005eb6
 .debug_info    0x00000000000069c3      0xf28 C:\Users\Richard\AppData\Local\Temp\ccaBWduL.debug.temp.o
                0x00000000000069c3                gcc8_c_support.c.b6fccb72

.debug_abbrev   0x0000000000000000      0x7ec
 *(.debug_abbrev)
 .debug_abbrev  0x0000000000000000      0x14d C:\Users\Richard\AppData\Local\Temp\ccgQ8zxN.ltrans0.ltrans.o
 .debug_abbrev  0x000000000000014d      0x1bd C:\Users\Richard\AppData\Local\Temp\cc0J6jZc.debug.temp.o
 .debug_abbrev  0x000000000000030a      0x26a C:\Users\Richard\AppData\Local\Temp\cccPkwcZ.debug.temp.o
 .debug_abbrev  0x0000000000000574      0x278 C:\Users\Richard\AppData\Local\Temp\ccaBWduL.debug.temp.o

.debug_line     0x0000000000000000     0x2bdb
 *(.debug_line .debug_line.* .debug_line_end)
 .debug_line    0x0000000000000000     0x23cc C:\Users\Richard\AppData\Local\Temp\ccgQ8zxN.ltrans0.ltrans.o
 .debug_line    0x00000000000023cc      0x184 C:\Users\Richard\AppData\Local\Temp\cc0J6jZc.debug.temp.o
 .debug_line    0x0000000000002550      0x4f3 C:\Users\Richard\AppData\Local\Temp\cccPkwcZ.debug.temp.o
 .debug_line    0x0000000000002a43      0x198 C:\Users\Richard\AppData\Local\Temp\ccaBWduL.debug.temp.o

.debug_frame    0x0000000000000000      0x21c
 *(.debug_frame)
 .debug_frame   0x0000000000000000      0x21c C:\Users\Richard\AppData\Local\Temp\ccgQ8zxN.ltrans0.ltrans.o

.debug_str      0x0000000000000000      0x195
 *(.debug_str)
 .debug_str     0x0000000000000000        0x0 C:\Users\Richard\AppData\Local\Temp\ccgQ8zxN.ltrans0.ltrans.o
 .debug_str     0x0000000000000000      0x104 C:\Users\Richard\AppData\Local\Temp\cccPkwcZ.debug.temp.o
 .debug_str     0x0000000000000104       0x91 C:\Users\Richard\AppData\Local\Temp\ccaBWduL.debug.temp.o

.debug_loc
 *(.debug_loc)

.debug_macinfo
 *(.debug_macinfo)

.debug_weaknames
 *(.debug_weaknames)

.debug_funcnames
 *(.debug_funcnames)

.debug_typenames
 *(.debug_typenames)

.debug_varnames
 *(.debug_varnames)

.debug_pubtypes
 *(.debug_pubtypes)

.debug_ranges
 *(.debug_ranges)

.debug_addr
 *(.debug_addr)

.debug_line_str
 *(.debug_line_str)

.debug_loclists
                0x0000000000000000      0xb76
 *(.debug_loclists)
 .debug_loclists
                0x0000000000000000      0xb76 C:\Users\Richard\AppData\Local\Temp\ccgQ8zxN.ltrans0.ltrans.o

.debug_macro
 *(.debug_macro)

.debug_names
 *(.debug_names)

.debug_rnglists
                0x0000000000000000       0xf5
 *(.debug_rnglists)
 .debug_rnglists
                0x0000000000000000       0xf5 C:\Users\Richard\AppData\Local\Temp\ccgQ8zxN.ltrans0.ltrans.o

.debug_str_offsets
 *(.debug_str_offsets)

.debug_sup
 *(.debug_sup)

.gnu.attributes
 *(.gnu.attributes)

/DISCARD/
 *(.note.GNU-stack)
 *(.gnu_debuglink)
 *(.gnu.lto_*)
OUTPUT(ciademo.elf elf32-m68k)
